---------------------------------------------------Assignment1--------------------------------------------------------------
Microsoft Windows [Version 10.0.19045.3324]
(c) Microsoft Corporation. All rights reserved.

C:\Users\hussa> $ git clone https://github.com/mhussain214/CISC3115_Mohammad.git
'$' is not recognized as an internal or external command,
operable program or batch file.

C:\Users\hussa> git clone https://github.com/mhussain214/CISC3115_Mohammad.git\
Cloning into 'CISC3115_Mohammad'...
remote: Repository not found.
fatal: repository 'https://github.com/mhussain214/CISC3115_Mohammad.git\/' not found

C:\Users\hussa> git clone https://github.com/mhussain214/CISC3115_Mohammad.git
Cloning into 'CISC3115_Mohammad'...
warning: You appear to have cloned an empty repository.

C:\Users\hussa> cd \CISC3115_Mohammad
The system cannot find the path specified.

C:\Users\hussa> cd C:\Users\hussa\CISC3115_Mohammad

C:\Users\hussa\CISC3115_Mohammad> mkdir javacode

C:\Users\hussa\CISC3115_Mohammad> cd C:\Users\hussa\CISC3115_Mohammad\javacode

C:\Users\hussa\CISC3115_Mohammad\javacode> type nul > helloworld.txt

C:\Users\hussa\CISC3115_Mohammad\javacode>javac helloworld.java
'javac' is not recognized as an internal or external command,
operable program or batch file.

C:\Users\hussa\CISC3115_Mohammad\javacode>

---------------------------------------------------------Assignment2----------------------------------------------------------
C:\Users\hussa\Documents\3115Folder>cd CISC3115_Mohammad

C:\Users\hussa\Documents\3115Folder\CISC3115_Mohammad>ls
'ls' is not recognized as an internal or external command,
operable program or batch file.

C:\Users\hussa\Documents\3115Folder\CISC3115_Mohammad>list
'list' is not recognized as an internal or external command,
operable program or batch file.

C:\Users\hussa\Documents\3115Folder\CISC3115_Mohammad>dir
 Volume in drive C is Windows
 Volume Serial Number is D4CD-CB82

 Directory of C:\Users\hussa\Documents\3115Folder\CISC3115_Mohammad

09/17/2023  03:23 PM    <DIR>          .
09/17/2023  03:23 PM    <DIR>          ..
09/17/2023  03:23 PM    <DIR>          javacode
09/17/2023  03:23 PM               124 m1 answer.txt
               1 File(s)            124 bytes
               3 Dir(s)  433,222,369,280 bytes free

C:\Users\hussa\Documents\3115Folder\CISC3115_Mohammad>git remove javacode
git: 'remove' is not a git command. See 'git --help'.

The most similar command is
        remote

C:\Users\hussa\Documents\3115Folder\CISC3115_Mohammad>git delete javacode
git: 'delete' is not a git command. See 'git --help'.

C:\Users\hussa\Documents\3115Folder\CISC3115_Mohammad>git --help
usage: git [-v | --version] [-h | --help] [-C <path>] [-c <name>=<value>]
           [--exec-path[=<path>]] [--html-path] [--man-path] [--info-path]
           [-p | --paginate | -P | --no-pager] [--no-replace-objects] [--bare]
           [--git-dir=<path>] [--work-tree=<path>] [--namespace=<name>]
           [--config-env=<name>=<envvar>] <command> [<args>]

These are common Git commands used in various situations:

start a working area (see also: git help tutorial)
   clone     Clone a repository into a new directory
   init      Create an empty Git repository or reinitialize an existing one

work on the current change (see also: git help everyday)
   add       Add file contents to the index
   mv        Move or rename a file, a directory, or a symlink
   restore   Restore working tree files
   rm        Remove files from the working tree and from the index

examine the history and state (see also: git help revisions)
   bisect    Use binary search to find the commit that introduced a bug
   diff      Show changes between commits, commit and working tree, etc
   grep      Print lines matching a pattern
   log       Show commit logs
   show      Show various types of objects
   status    Show the working tree status

grow, mark and tweak your common history
   branch    List, create, or delete branches
   commit    Record changes to the repository
   merge     Join two or more development histories together
   rebase    Reapply commits on top of another base tip
   reset     Reset current HEAD to the specified state
   switch    Switch branches
   tag       Create, list, delete or verify a tag object signed with GPG

collaborate (see also: git help workflows)
   fetch     Download objects and refs from another repository
   pull      Fetch from and integrate with another repository or a local branch
   push      Update remote refs along with associated objects

'git help -a' and 'git help -g' list available subcommands and some
concept guides. See 'git help <command>' or 'git help <concept>'
to read about a specific subcommand or concept.
See 'git help git' for an overview of the system.

C:\Users\hussa\Documents\3115Folder\CISC3115_Mohammad>git rm javacode
fatal: not removing 'javacode' recursively without -r

C:\Users\hussa\Documents\3115Folder\CISC3115_Mohammad>git rm -r javacode
rm 'javacode/HelloWorld.class'
rm 'javacode/helloworld.java'

C:\Users\hussa\Documents\3115Folder\CISC3115_Mohammad>dir
 Volume in drive C is Windows
 Volume Serial Number is D4CD-CB82

 Directory of C:\Users\hussa\Documents\3115Folder\CISC3115_Mohammad

09/17/2023  03:26 PM    <DIR>          .
09/17/2023  03:26 PM    <DIR>          ..
09/17/2023  03:23 PM               124 m1 answer.txt
               1 File(s)            124 bytes
               2 Dir(s)  432,700,645,376 bytes free

C:\Users\hussa\Documents\3115Folder\CISC3115_Mohammad>git status
On branch main
Your branch is up to date with 'origin/main'.

Changes to be committed:
  (use "git restore --staged <file>..." to unstage)
        deleted:    javacode/HelloWorld.class
        deleted:    javacode/helloworld.java


C:\Users\hussa\Documents\3115Folder\CISC3115_Mohammad>git commit -m "Delete javacode folder"
[main aeb7213] Delete javacode folder
 2 files changed, 5 deletions(-)
 delete mode 100644 javacode/HelloWorld.class
 delete mode 100644 javacode/helloworld.java

C:\Users\hussa\Documents\3115Folder\CISC3115_Mohammad>git push origin main
Enumerating objects: 3, done.
Counting objects: 100% (3/3), done.
Delta compression using up to 4 threads
Compressing objects: 100% (1/1), done.
Writing objects: 100% (2/2), 273 bytes | 136.00 KiB/s, done.
Total 2 (delta 0), reused 0 (delta 0), pack-reused 0
To https://github.com/mhussain214/CISC3115_Mohammad.git
   5a8a3ec..aeb7213  main -> main

C:\Users\hussa\Documents\3115Folder\CISC3115_Mohammad>dir
 Volume in drive C is Windows
 Volume Serial Number is D4CD-CB82

 Directory of C:\Users\hussa\Documents\3115Folder\CISC3115_Mohammad

09/17/2023  03:26 PM    <DIR>          .
09/17/2023  03:26 PM    <DIR>          ..
09/17/2023  03:23 PM               124 m1 answer.txt
               1 File(s)            124 bytes
               2 Dir(s)  432,738,217,984 bytes free

C:\Users\hussa\Documents\3115Folder\CISC3115_Mohammad>git pull origin main
remote: Enumerating objects: 4, done.
remote: Counting objects: 100% (4/4), done.
remote: Compressing objects: 100% (2/2), done.
remote: Total 3 (delta 0), reused 0 (delta 0), pack-reused 0
Unpacking objects: 100% (3/3), 680 bytes | 1024 bytes/s, done.
From https://github.com/mhussain214/CISC3115_Mohammad
 * branch            main       -> FETCH_HEAD
   aeb7213..ee8cabd  main       -> origin/main
Updating aeb7213..ee8cabd
Fast-forward
 README.md | 1 +
 1 file changed, 1 insertion(+)
 create mode 100644 README.md

C:\Users\hussa\Documents\3115Folder\CISC3115_Mohammad>dir
 Volume in drive C is Windows
 Volume Serial Number is D4CD-CB82

 Directory of C:\Users\hussa\Documents\3115Folder\CISC3115_Mohammad

09/17/2023  03:29 PM    <DIR>          .
09/17/2023  03:29 PM    <DIR>          ..
09/17/2023  03:23 PM               124 m1 answer.txt
09/17/2023  03:29 PM                21 README.md
               2 File(s)            145 bytes
               2 Dir(s)  432,737,898,496 bytes free

C:\Users\hussa\Documents\3115Folder\CISC3115_Mohammad>mkdir hw2

C:\Users\hussa\Documents\3115Folder\CISC3115_Mohammad>cd hw2

C:\Users\hussa\Documents\3115Folder\CISC3115_Mohammad\hw2>cd .

C:\Users\hussa\Documents\3115Folder\CISC3115_Mohammad\hw2>cd ..

C:\Users\hussa\Documents\3115Folder\CISC3115_Mohammad>dir
 Volume in drive C is Windows
 Volume Serial Number is D4CD-CB82

 Directory of C:\Users\hussa\Documents\3115Folder\CISC3115_Mohammad

09/17/2023  03:30 PM    <DIR>          .
09/17/2023  03:30 PM    <DIR>          ..
09/17/2023  03:30 PM    <DIR>          hw2
09/17/2023  03:23 PM               124 m1 answer.txt
09/17/2023  03:29 PM                21 README.md
               2 File(s)            145 bytes
               3 Dir(s)  432,730,267,648 bytes free

C:\Users\hussa\Documents\3115Folder\CISC3115_Mohammad>git rm "m1 answer.txt"
rm 'm1 answer.txt'

C:\Users\hussa\Documents\3115Folder\CISC3115_Mohammad>git commit -m "Remove file and put it into hw2 folder"
[main 35da7d9] Remove file and put it into hw2 folder
 1 file changed, 7 deletions(-)
 delete mode 100644 m1 answer.txt

C:\Users\hussa\Documents\3115Folder\CISC3115_Mohammad>git push origin main
Enumerating objects: 3, done.
Counting objects: 100% (3/3), done.
Delta compression using up to 4 threads
Compressing objects: 100% (1/1), done.
Writing objects: 100% (2/2), 276 bytes | 138.00 KiB/s, done.
Total 2 (delta 0), reused 0 (delta 0), pack-reused 0
To https://github.com/mhussain214/CISC3115_Mohammad.git
   ee8cabd..35da7d9  main -> main

C:\Users\hussa\Documents\3115Folder\CISC3115_Mohammad>cd hw2

C:\Users\hussa\Documents\3115Folder\CISC3115_Mohammad\hw2>echo "static int m1(int[] a) {" >> readinessPart2.java

C:\Users\hussa\Documents\3115Folder\CISC3115_Mohammad\hw2>echo "int sum=0;" >> readinessPart2.java

C:\Users\hussa\Documents\3115Folder\CISC3115_Mohammad\hw2>echo "for (int i=0; i<a.length; i++)" >> readinessPart2.java

C:\Users\hussa\Documents\3115Folder\CISC3115_Mohammad\hw2>echo "if (a[i]>i && a[i]%9==0)" >> readinessPart2.java

C:\Users\hussa\Documents\3115Folder\CISC3115_Mohammad\hw2>echo "sum += a[i];" >> readinessPart2.java

C:\Users\hussa\Documents\3115Folder\CISC3115_Mohammad\hw2>echo "return sum;" >> readinessPart2.java

C:\Users\hussa\Documents\3115Folder\CISC3115_Mohammad\hw2>echo "}" >> readinessPart2.java

C:\Users\hussa\Documents\3115Folder\CISC3115_Mohammad\hw2>
C:\Users\hussa\Documents\3115Folder\CISC3115_Mohammad\hw2>dir
 Volume in drive C is Windows
 Volume Serial Number is D4CD-CB82

 Directory of C:\Users\hussa\Documents\3115Folder\CISC3115_Mohammad\hw2

09/17/2023  03:34 PM    <DIR>          .
09/17/2023  03:34 PM    <DIR>          ..
09/17/2023  03:34 PM               147 readinessPart2.java
               1 File(s)            147 bytes
               2 Dir(s)  432,692,088,832 bytes free

C:\Users\hussa\Documents\3115Folder\CISC3115_Mohammad\hw2>git status
On branch main
Your branch is up to date with 'origin/main'.

Untracked files:
  (use "git add <file>..." to include in what will be committed)
        ./

nothing added to commit but untracked files present (use "git add" to track)

C:\Users\hussa\Documents\3115Folder\CISC3115_Mohammad\hw2>cd ..

C:\Users\hussa\Documents\3115Folder\CISC3115_Mohammad>git status
On branch main
Your branch is up to date with 'origin/main'.

Untracked files:
  (use "git add <file>..." to include in what will be committed)
        hw2/

nothing added to commit but untracked files present (use "git add" to track)

C:\Users\hussa\Documents\3115Folder\CISC3115_Mohammad>git add .

C:\Users\hussa\Documents\3115Folder\CISC3115_Mohammad>git commit -m "Add HW2 folder"
[main f6fb879] Add HW2 folder
 1 file changed, 7 insertions(+)
 create mode 100644 hw2/readinessPart2.java

C:\Users\hussa\Documents\3115Folder\CISC3115_Mohammad>git push origin main
Enumerating objects: 5, done.
Counting objects: 100% (5/5), done.
Delta compression using up to 4 threads
Compressing objects: 100% (3/3), done.
Writing objects: 100% (4/4), 467 bytes | 233.00 KiB/s, done.
Total 4 (delta 0), reused 0 (delta 0), pack-reused 0
To https://github.com/mhussain214/CISC3115_Mohammad.git
   35da7d9..f6fb879  main -> main

C:\Users\hussa\Documents\3115Folder\CISC3115_Mohammad>git config --help

C:\Users\hussa\Documents\3115Folder\CISC3115_Mohammad>git config --global core.editor "notepad++ -w"

C:\Users\hussa\Documents\3115Folder\CISC3115_Mohammad>
C:\Users\hussa\Documents\3115Folder\CISC3115_Mohammad>notepad clihistory.txt